// Jest Snapshot v1, https://goo.gl/fbAQLP

exports[`testing header component renders correctly 1`] = `
<div
  className="nav-container"
>
  <div
    className="nav"
  >
    <div>
      <img
        alt="lhv logo"
        className="lhv-logo"
        src="img/lhv.png"
      />
    </div>
    <div
      className="nav-button"
    >
      Sisene
    </div>
  </div>
</div>
`;
